// Jest Snapshot v1, https://goo.gl/fbAQLP

exports[`<CellContainer/> renders component 1`] = `
<div
  className="sc-ifAKCX ffETRh"
>
  <div
    className="sc-htpNat cdFCkK"
  >
    <div
      className="sc-bdVaJa fDGTgz"
    />
  </div>
  <div
    className="sc-htpNat cdFCkK"
  >
    <div
      className="sc-bdVaJa bHCiLL"
    />
  </div>
  <div
    className="sc-htpNat cdFCkK"
  >
    <div
      className="sc-bdVaJa eFRfZa"
    />
  </div>
  <div
    className="sc-htpNat cdFCkK"
  >
    <div
      className="sc-bdVaJa cbELvF"
    />
  </div>
  <div
    className="sc-htpNat cdFCkK"
  >
    <div
      className="sc-bdVaJa hsNLSZ"
    />
  </div>
  <div
    className="sc-htpNat cdFCkK"
  >
    <div
      className="sc-bdVaJa dbIzxJ"
    />
  </div>
  <div
    className="sc-htpNat cdFCkK"
  >
    <div
      className="sc-bdVaJa fXxJig"
    />
  </div>
  <div
    className="sc-htpNat cdFCkK"
  >
    <div
      className="sc-bdVaJa ivuXhA"
    />
  </div>
  <div
    className="sc-htpNat cdFCkK"
  >
    <div
      className="sc-bdVaJa fAGnWt"
    />
  </div>
  <div
    className="sc-htpNat cdFCkK"
  >
    <div
      className="sc-bdVaJa btgAXW"
    />
  </div>
  <div
    className="sc-htpNat cdFCkK"
  >
    <div
      className="sc-bdVaJa jhtGrw"
    />
  </div>
  <div
    className="sc-htpNat cdFCkK"
  >
    <div
      className="sc-bdVaJa elmQxO"
    />
  </div>
  <div
    className="sc-htpNat cdFCkK"
  >
    <div
      className="sc-bdVaJa cgmOwm"
    />
  </div>
  <div
    className="sc-htpNat cdFCkK"
  >
    <div
      className="sc-bdVaJa fOOcHU"
    />
  </div>
  <div
    className="sc-htpNat cdFCkK"
  >
    <div
      className="sc-bdVaJa hsflRS"
    />
  </div>
  <div
    className="sc-htpNat cdFCkK"
  >
    <div
      className="sc-bdVaJa hlIBqa"
    />
  </div>
  <div
    className="sc-htpNat cdFCkK"
  >
    <div
      className="sc-bdVaJa cRSeMb"
    />
  </div>
  <div
    className="sc-htpNat cdFCkK"
  >
    <div
      className="sc-bdVaJa JSnDR"
    />
  </div>
  <div
    className="sc-htpNat cdFCkK"
  >
    <div
      className="sc-bdVaJa iecoU"
    />
  </div>
  <div
    className="sc-htpNat cdFCkK"
  >
    <div
      className="sc-bdVaJa rqOMd"
    />
  </div>
  <div
    className="sc-htpNat cdFCkK"
  >
    <div
      className="sc-bdVaJa jhyZGM"
    />
  </div>
  <div
    className="sc-htpNat cdFCkK"
  >
    <div
      className="sc-bdVaJa jieWae"
    />
  </div>
  <div
    className="sc-htpNat cdFCkK"
  >
    <div
      className="sc-bdVaJa klSXwr"
    />
  </div>
  <div
    className="sc-htpNat cdFCkK"
  >
    <div
      className="sc-bdVaJa lbXany"
    />
  </div>
  <div
    className="sc-htpNat cdFCkK"
  >
    <div
      className="sc-bdVaJa hWqAoI"
    />
  </div>
  <div
    className="sc-htpNat cdFCkK"
  >
    <div
      className="sc-bdVaJa Gyerq"
    />
  </div>
  <div
    className="sc-htpNat cdFCkK"
  >
    <div
      className="sc-bdVaJa edSLOD"
    />
  </div>
  <div
    className="sc-htpNat cdFCkK"
  >
    <div
      className="sc-bdVaJa iCJcpU"
    />
  </div>
  <div
    className="sc-htpNat cdFCkK"
  >
    <div
      className="sc-bdVaJa bNCUvx"
    />
  </div>
  <div
    className="sc-htpNat cdFCkK"
  >
    <div
      className="sc-bdVaJa kHVqDD"
    />
  </div>
  <div
    className="sc-htpNat cdFCkK"
  >
    <div
      className="sc-bdVaJa dHOVNT"
    />
  </div>
  <div
    className="sc-htpNat cdFCkK"
  >
    <div
      className="sc-bdVaJa canLdm"
    />
  </div>
  <div
    className="sc-htpNat cdFCkK"
  >
    <div
      className="sc-bdVaJa dSrvPR"
    />
  </div>
  <div
    className="sc-htpNat cdFCkK"
  >
    <div
      className="sc-bdVaJa fDITUU"
    />
  </div>
  <div
    className="sc-htpNat cdFCkK"
  >
    <div
      className="sc-bdVaJa jHZfNT"
    />
  </div>
  <div
    className="sc-htpNat cdFCkK"
  >
    <div
      className="sc-bdVaJa iTymnV"
    />
  </div>
  <div
    className="sc-htpNat cdFCkK"
  >
    <div
      className="sc-bdVaJa gEWCrz"
    />
  </div>
  <div
    className="sc-htpNat cdFCkK"
  >
    <div
      className="sc-bdVaJa hASNei"
    />
  </div>
  <div
    className="sc-htpNat cdFCkK"
  >
    <div
      className="sc-bdVaJa fYoULd"
    />
  </div>
  <div
    className="sc-htpNat cdFCkK"
  >
    <div
      className="sc-bdVaJa iDKlod"
    />
  </div>
  <div
    className="sc-htpNat cdFCkK"
  >
    <div
      className="sc-bdVaJa isgyHn"
    />
  </div>
  <div
    className="sc-htpNat cdFCkK"
  >
    <div
      className="sc-bdVaJa KxPEi"
    />
  </div>
  <div
    className="sc-htpNat cdFCkK"
  >
    <div
      className="sc-bdVaJa hsNLSZ"
    />
  </div>
  <div
    className="sc-htpNat cdFCkK"
  >
    <div
      className="sc-bdVaJa QFEEW"
    />
  </div>
  <div
    className="sc-htpNat cdFCkK"
  >
    <div
      className="sc-bdVaJa eYOlbK"
    />
  </div>
  <div
    className="sc-htpNat cdFCkK"
  >
    <div
      className="sc-bdVaJa kwxndY"
    />
  </div>
  <div
    className="sc-htpNat cdFCkK"
  >
    <div
      className="sc-bdVaJa dfrfRy"
    />
  </div>
  <div
    className="sc-htpNat cdFCkK"
  >
    <div
      className="sc-bdVaJa dpkzpy"
    />
  </div>
  <div
    className="sc-htpNat cdFCkK"
  >
    <div
      className="sc-bdVaJa gxXkGm"
    />
  </div>
  <div
    className="sc-htpNat cdFCkK"
  >
    <div
      className="sc-bdVaJa gkHCvz"
    />
  </div>
  <div
    className="sc-htpNat cdFCkK"
  >
    <div
      className="sc-bdVaJa guBKLG"
    />
  </div>
  <div
    className="sc-htpNat cdFCkK"
  >
    <div
      className="sc-bdVaJa hwsJPy"
    />
  </div>
  <div
    className="sc-htpNat cdFCkK"
  >
    <div
      className="sc-bdVaJa MpNSd"
    />
  </div>
  <div
    className="sc-htpNat cdFCkK"
  >
    <div
      className="sc-bdVaJa kkjSHM"
    />
  </div>
  <div
    className="sc-htpNat cdFCkK"
  >
    <div
      className="sc-bdVaJa ljBfeR"
    />
  </div>
  <div
    className="sc-htpNat cdFCkK"
  >
    <div
      className="sc-bdVaJa gZrPgE"
    />
  </div>
  <div
    className="sc-htpNat cdFCkK"
  >
    <div
      className="sc-bdVaJa jDrSus"
    />
  </div>
  <div
    className="sc-htpNat cdFCkK"
  >
    <div
      className="sc-bdVaJa lcqzgd"
    />
  </div>
  <div
    className="sc-htpNat cdFCkK"
  >
    <div
      className="sc-bdVaJa eHdNyn"
    />
  </div>
  <div
    className="sc-htpNat cdFCkK"
  >
    <div
      className="sc-bdVaJa bhXiGc"
    />
  </div>
  <div
    className="sc-htpNat cdFCkK"
  >
    <div
      className="sc-bdVaJa jrzLWJ"
    />
  </div>
  <div
    className="sc-htpNat cdFCkK"
  >
    <div
      className="sc-bdVaJa jHYnmu"
    />
  </div>
  <div
    className="sc-htpNat cdFCkK"
  >
    <div
      className="sc-bdVaJa dwXDye"
    />
  </div>
  <div
    className="sc-htpNat cdFCkK"
  >
    <div
      className="sc-bdVaJa sBNMs"
    />
  </div>
  <div
    className="sc-htpNat cdFCkK"
  >
    <div
      className="sc-bdVaJa gFhqIZ"
    />
  </div>
  <div
    className="sc-htpNat cdFCkK"
  >
    <div
      className="sc-bdVaJa koYxIc"
    />
  </div>
  <div
    className="sc-htpNat cdFCkK"
  >
    <div
      className="sc-bdVaJa Wcqof"
    />
  </div>
  <div
    className="sc-htpNat cdFCkK"
  >
    <div
      className="sc-bdVaJa csdhve"
    />
  </div>
  <div
    className="sc-htpNat cdFCkK"
  >
    <div
      className="sc-bdVaJa wlTFj"
    />
  </div>
  <div
    className="sc-htpNat cdFCkK"
  >
    <div
      className="sc-bdVaJa fhKmUX"
    />
  </div>
  <div
    className="sc-htpNat cdFCkK"
  >
    <div
      className="sc-bdVaJa iXciOJ"
    />
  </div>
  <div
    className="sc-htpNat cdFCkK"
  >
    <div
      className="sc-bdVaJa hjgkqx"
    />
  </div>
  <div
    className="sc-htpNat cdFCkK"
  >
    <div
      className="sc-bdVaJa bZnzhB"
    />
  </div>
  <div
    className="sc-htpNat cdFCkK"
  >
    <div
      className="sc-bdVaJa gQTYup"
    />
  </div>
  <div
    className="sc-htpNat cdFCkK"
  >
    <div
      className="sc-bdVaJa hDTLXR"
    />
  </div>
  <div
    className="sc-htpNat cdFCkK"
  >
    <div
      className="sc-bdVaJa bHCfMX"
    />
  </div>
  <div
    className="sc-htpNat cdFCkK"
  >
    <div
      className="sc-bdVaJa jmbTOa"
    />
  </div>
  <div
    className="sc-htpNat cdFCkK"
  >
    <div
      className="sc-bdVaJa csaNXb"
    />
  </div>
  <div
    className="sc-htpNat cdFCkK"
  >
    <div
      className="sc-bdVaJa eiQVLo"
    />
  </div>
  <div
    className="sc-htpNat cdFCkK"
  >
    <div
      className="sc-bdVaJa fNwXxd"
    />
  </div>
  <div
    className="sc-htpNat cdFCkK"
  >
    <div
      className="sc-bdVaJa jJYOrd"
    />
  </div>
  <div
    className="sc-htpNat cdFCkK"
  >
    <div
      className="sc-bdVaJa zxznH"
    />
  </div>
  <div
    className="sc-htpNat cdFCkK"
  >
    <div
      className="sc-bdVaJa fLxVMJ"
    />
  </div>
  <div
    className="sc-htpNat cdFCkK"
  >
    <div
      className="sc-bdVaJa ikaCTS"
    />
  </div>
  <div
    className="sc-htpNat cdFCkK"
  >
    <div
      className="sc-bdVaJa cNcKOp"
    />
  </div>
  <div
    className="sc-htpNat cdFCkK"
  >
    <div
      className="sc-bdVaJa kRAErO"
    />
  </div>
  <div
    className="sc-htpNat cdFCkK"
  >
    <div
      className="sc-bdVaJa czgRWT"
    />
  </div>
  <div
    className="sc-htpNat cdFCkK"
  >
    <div
      className="sc-bdVaJa eeFoAl"
    />
  </div>
  <div
    className="sc-htpNat cdFCkK"
  >
    <div
      className="sc-bdVaJa gbQmKj"
    />
  </div>
  <div
    className="sc-htpNat cdFCkK"
  >
    <div
      className="sc-bdVaJa dWvPsD"
    />
  </div>
  <div
    className="sc-htpNat cdFCkK"
  >
    <div
      className="sc-bdVaJa DSaFQ"
    />
  </div>
  <div
    className="sc-htpNat cdFCkK"
  >
    <div
      className="sc-bdVaJa eeHubR"
    />
  </div>
  <div
    className="sc-htpNat cdFCkK"
  >
    <div
      className="sc-bdVaJa bUqzwR"
    />
  </div>
  <div
    className="sc-htpNat cdFCkK"
  >
    <div
      className="sc-bdVaJa jYDrPt"
    />
  </div>
  <div
    className="sc-htpNat cdFCkK"
  >
    <div
      className="sc-bdVaJa gwChCN"
    />
  </div>
  <div
    className="sc-htpNat cdFCkK"
  >
    <div
      className="sc-bdVaJa ecKxlO"
    />
  </div>
  <div
    className="sc-htpNat cdFCkK"
  >
    <div
      className="sc-bdVaJa dypNRN"
    />
  </div>
  <div
    className="sc-htpNat cdFCkK"
  >
    <div
      className="sc-bdVaJa bKqtln"
    />
  </div>
  <div
    className="sc-htpNat cdFCkK"
  >
    <div
      className="sc-bdVaJa huOMFi"
    />
  </div>
  <div
    className="sc-htpNat cdFCkK"
  >
    <div
      className="sc-bdVaJa hCrlvi"
    />
  </div>
</div>
`;
