// Jest Snapshot v1, https://goo.gl/fbAQLP

exports[`<CellContainer/> renders component 1`] = `
<div
  className="sc-ifAKCX eDBCeg"
>
  <div
    className="sc-htpNat cdFCkK"
  >
    <div
      className="sc-bdVaJa dTEDNj"
    />
  </div>
  <div
    className="sc-htpNat cdFCkK"
  >
    <div
      className="sc-bdVaJa hHRoQj"
    />
  </div>
  <div
    className="sc-htpNat cdFCkK"
  >
    <div
      className="sc-bdVaJa gLFDtG"
    />
  </div>
  <div
    className="sc-htpNat cdFCkK"
  >
    <div
      className="sc-bdVaJa jnSBYm"
    />
  </div>
  <div
    className="sc-htpNat cdFCkK"
  >
    <div
      className="sc-bdVaJa kUrtDn"
    />
  </div>
  <div
    className="sc-htpNat cdFCkK"
  >
    <div
      className="sc-bdVaJa eEhMny"
    />
  </div>
  <div
    className="sc-htpNat cdFCkK"
  >
    <div
      className="sc-bdVaJa jiAJXX"
    />
  </div>
  <div
    className="sc-htpNat cdFCkK"
  >
    <div
      className="sc-bdVaJa hYFmCJ"
    />
  </div>
  <div
    className="sc-htpNat cdFCkK"
  >
    <div
      className="sc-bdVaJa gVhfZu"
    />
  </div>
  <div
    className="sc-htpNat cdFCkK"
  >
    <div
      className="sc-bdVaJa sdBQV"
    />
  </div>
  <div
    className="sc-htpNat cdFCkK"
  >
    <div
      className="sc-bdVaJa gPMvbE"
    />
  </div>
  <div
    className="sc-htpNat cdFCkK"
  >
    <div
      className="sc-bdVaJa euszXI"
    />
  </div>
  <div
    className="sc-htpNat cdFCkK"
  >
    <div
      className="sc-bdVaJa hKqowx"
    />
  </div>
  <div
    className="sc-htpNat cdFCkK"
  >
    <div
      className="sc-bdVaJa iFsNkX"
    />
  </div>
  <div
    className="sc-htpNat cdFCkK"
  >
    <div
      className="sc-bdVaJa hSfcjC"
    />
  </div>
  <div
    className="sc-htpNat cdFCkK"
  >
    <div
      className="sc-bdVaJa geirdK"
    />
  </div>
  <div
    className="sc-htpNat cdFCkK"
  >
    <div
      className="sc-bdVaJa uvRPW"
    />
  </div>
  <div
    className="sc-htpNat cdFCkK"
  >
    <div
      className="sc-bdVaJa lplfqS"
    />
  </div>
  <div
    className="sc-htpNat cdFCkK"
  >
    <div
      className="sc-bdVaJa ikaVaO"
    />
  </div>
  <div
    className="sc-htpNat cdFCkK"
  >
    <div
      className="sc-bdVaJa eviRDN"
    />
  </div>
  <div
    className="sc-htpNat cdFCkK"
  >
    <div
      className="sc-bdVaJa cqcojk"
    />
  </div>
  <div
    className="sc-htpNat cdFCkK"
  >
    <div
      className="sc-bdVaJa jZGLZc"
    />
  </div>
  <div
    className="sc-htpNat cdFCkK"
  >
    <div
      className="sc-bdVaJa bJcCQp"
    />
  </div>
  <div
    className="sc-htpNat cdFCkK"
  >
    <div
      className="sc-bdVaJa dvRjCP"
    />
  </div>
  <div
    className="sc-htpNat cdFCkK"
  >
    <div
      className="sc-bdVaJa jxSpPc"
    />
  </div>
  <div
    className="sc-htpNat cdFCkK"
  >
    <div
      className="sc-bdVaJa kKFNCH"
    />
  </div>
  <div
    className="sc-htpNat cdFCkK"
  >
    <div
      className="sc-bdVaJa dxxmdv"
    />
  </div>
  <div
    className="sc-htpNat cdFCkK"
  >
    <div
      className="sc-bdVaJa cDJOZq"
    />
  </div>
  <div
    className="sc-htpNat cdFCkK"
  >
    <div
      className="sc-bdVaJa eWjoun"
    />
  </div>
  <div
    className="sc-htpNat cdFCkK"
  >
    <div
      className="sc-bdVaJa ctrZtN"
    />
  </div>
  <div
    className="sc-htpNat cdFCkK"
  >
    <div
      className="sc-bdVaJa RXooD"
    />
  </div>
  <div
    className="sc-htpNat cdFCkK"
  >
    <div
      className="sc-bdVaJa hhrWtx"
    />
  </div>
  <div
    className="sc-htpNat cdFCkK"
  >
    <div
      className="sc-bdVaJa hzAVHj"
    />
  </div>
  <div
    className="sc-htpNat cdFCkK"
  >
    <div
      className="sc-bdVaJa hOpfhD"
    />
  </div>
  <div
    className="sc-htpNat cdFCkK"
  >
    <div
      className="sc-bdVaJa bjYQzS"
    />
  </div>
  <div
    className="sc-htpNat cdFCkK"
  >
    <div
      className="sc-bdVaJa ciQpcr"
    />
  </div>
  <div
    className="sc-htpNat cdFCkK"
  >
    <div
      className="sc-bdVaJa bZscst"
    />
  </div>
  <div
    className="sc-htpNat cdFCkK"
  >
    <div
      className="sc-bdVaJa dskfce"
    />
  </div>
  <div
    className="sc-htpNat cdFCkK"
  >
    <div
      className="sc-bdVaJa cpwSSO"
    />
  </div>
  <div
    className="sc-htpNat cdFCkK"
  >
    <div
      className="sc-bdVaJa RqiM"
    />
  </div>
  <div
    className="sc-htpNat cdFCkK"
  >
    <div
      className="sc-bdVaJa bClptQ"
    />
  </div>
  <div
    className="sc-htpNat cdFCkK"
  >
    <div
      className="sc-bdVaJa idNoBX"
    />
  </div>
  <div
    className="sc-htpNat cdFCkK"
  >
    <div
      className="sc-bdVaJa ftYaTc"
    />
  </div>
  <div
    className="sc-htpNat cdFCkK"
  >
    <div
      className="sc-bdVaJa eneCZM"
    />
  </div>
  <div
    className="sc-htpNat cdFCkK"
  >
    <div
      className="sc-bdVaJa hjxtF"
    />
  </div>
  <div
    className="sc-htpNat cdFCkK"
  >
    <div
      className="sc-bdVaJa dwoSeQ"
    />
  </div>
  <div
    className="sc-htpNat cdFCkK"
  >
    <div
      className="sc-bdVaJa eWwjYv"
    />
  </div>
  <div
    className="sc-htpNat cdFCkK"
  >
    <div
      className="sc-bdVaJa hLLoVe"
    />
  </div>
  <div
    className="sc-htpNat cdFCkK"
  >
    <div
      className="sc-bdVaJa bNggTf"
    />
  </div>
  <div
    className="sc-htpNat cdFCkK"
  >
    <div
      className="sc-bdVaJa jtDlfI"
    />
  </div>
  <div
    className="sc-htpNat cdFCkK"
  >
    <div
      className="sc-bdVaJa gJRUIS"
    />
  </div>
  <div
    className="sc-htpNat cdFCkK"
  >
    <div
      className="sc-bdVaJa cKNCHu"
    />
  </div>
  <div
    className="sc-htpNat cdFCkK"
  >
    <div
      className="sc-bdVaJa bYMJJT"
    />
  </div>
  <div
    className="sc-htpNat cdFCkK"
  >
    <div
      className="sc-bdVaJa kVFuZX"
    />
  </div>
  <div
    className="sc-htpNat cdFCkK"
  >
    <div
      className="sc-bdVaJa kXvozL"
    />
  </div>
  <div
    className="sc-htpNat cdFCkK"
  >
    <div
      className="sc-bdVaJa hVKFZx"
    />
  </div>
  <div
    className="sc-htpNat cdFCkK"
  >
    <div
      className="sc-bdVaJa ioOqFn"
    />
  </div>
  <div
    className="sc-htpNat cdFCkK"
  >
    <div
      className="sc-bdVaJa cpwSSO"
    />
  </div>
  <div
    className="sc-htpNat cdFCkK"
  >
    <div
      className="sc-bdVaJa jKdKFk"
    />
  </div>
  <div
    className="sc-htpNat cdFCkK"
  >
    <div
      className="sc-bdVaJa iTppDR"
    />
  </div>
  <div
    className="sc-htpNat cdFCkK"
  >
    <div
      className="sc-bdVaJa jWtDwE"
    />
  </div>
  <div
    className="sc-htpNat cdFCkK"
  >
    <div
      className="sc-bdVaJa dZsaIB"
    />
  </div>
  <div
    className="sc-htpNat cdFCkK"
  >
    <div
      className="sc-bdVaJa imSqWk"
    />
  </div>
  <div
    className="sc-htpNat cdFCkK"
  >
    <div
      className="sc-bdVaJa htRqFf"
    />
  </div>
  <div
    className="sc-htpNat cdFCkK"
  >
    <div
      className="sc-bdVaJa dqmCXv"
    />
  </div>
  <div
    className="sc-htpNat cdFCkK"
  >
    <div
      className="sc-bdVaJa iZMKov"
    />
  </div>
  <div
    className="sc-htpNat cdFCkK"
  >
    <div
      className="sc-bdVaJa ezJdqd"
    />
  </div>
  <div
    className="sc-htpNat cdFCkK"
  >
    <div
      className="sc-bdVaJa lceRRQ"
    />
  </div>
  <div
    className="sc-htpNat cdFCkK"
  >
    <div
      className="sc-bdVaJa djrXlG"
    />
  </div>
  <div
    className="sc-htpNat cdFCkK"
  >
    <div
      className="sc-bdVaJa fzfAbS"
    />
  </div>
  <div
    className="sc-htpNat cdFCkK"
  >
    <div
      className="sc-bdVaJa AAtmD"
    />
  </div>
  <div
    className="sc-htpNat cdFCkK"
  >
    <div
      className="sc-bdVaJa cmIrRi"
    />
  </div>
  <div
    className="sc-htpNat cdFCkK"
  >
    <div
      className="sc-bdVaJa fplkjx"
    />
  </div>
  <div
    className="sc-htpNat cdFCkK"
  >
    <div
      className="sc-bdVaJa unAHc"
    />
  </div>
  <div
    className="sc-htpNat cdFCkK"
  >
    <div
      className="sc-bdVaJa kmmtwg"
    />
  </div>
  <div
    className="sc-htpNat cdFCkK"
  >
    <div
      className="sc-bdVaJa iCJcpU"
    />
  </div>
  <div
    className="sc-htpNat cdFCkK"
  >
    <div
      className="sc-bdVaJa kGPlQe"
    />
  </div>
  <div
    className="sc-htpNat cdFCkK"
  >
    <div
      className="sc-bdVaJa veczf"
    />
  </div>
  <div
    className="sc-htpNat cdFCkK"
  >
    <div
      className="sc-bdVaJa iCkEMo"
    />
  </div>
  <div
    className="sc-htpNat cdFCkK"
  >
    <div
      className="sc-bdVaJa kRfJPI"
    />
  </div>
  <div
    className="sc-htpNat cdFCkK"
  >
    <div
      className="sc-bdVaJa dqUOWG"
    />
  </div>
  <div
    className="sc-htpNat cdFCkK"
  >
    <div
      className="sc-bdVaJa cnTPYt"
    />
  </div>
  <div
    className="sc-htpNat cdFCkK"
  >
    <div
      className="sc-bdVaJa dUFjjj"
    />
  </div>
  <div
    className="sc-htpNat cdFCkK"
  >
    <div
      className="sc-bdVaJa cIkUhi"
    />
  </div>
  <div
    className="sc-htpNat cdFCkK"
  >
    <div
      className="sc-bdVaJa inFUYa"
    />
  </div>
  <div
    className="sc-htpNat cdFCkK"
  >
    <div
      className="sc-bdVaJa iybCKe"
    />
  </div>
  <div
    className="sc-htpNat cdFCkK"
  >
    <div
      className="sc-bdVaJa ffbSPv"
    />
  </div>
  <div
    className="sc-htpNat cdFCkK"
  >
    <div
      className="sc-bdVaJa gxNSCj"
    />
  </div>
  <div
    className="sc-htpNat cdFCkK"
  >
    <div
      className="sc-bdVaJa hYFmCJ"
    />
  </div>
  <div
    className="sc-htpNat cdFCkK"
  >
    <div
      className="sc-bdVaJa blZzLI"
    />
  </div>
  <div
    className="sc-htpNat cdFCkK"
  >
    <div
      className="sc-bdVaJa kfOaqO"
    />
  </div>
  <div
    className="sc-htpNat cdFCkK"
  >
    <div
      className="sc-bdVaJa fLHPlq"
    />
  </div>
  <div
    className="sc-htpNat cdFCkK"
  >
    <div
      className="sc-bdVaJa gVxxPy"
    />
  </div>
  <div
    className="sc-htpNat cdFCkK"
  >
    <div
      className="sc-bdVaJa kwsXgp"
    />
  </div>
  <div
    className="sc-htpNat cdFCkK"
  >
    <div
      className="sc-bdVaJa knGYww"
    />
  </div>
  <div
    className="sc-htpNat cdFCkK"
  >
    <div
      className="sc-bdVaJa lmdBVq"
    />
  </div>
  <div
    className="sc-htpNat cdFCkK"
  >
    <div
      className="sc-bdVaJa hNkMkA"
    />
  </div>
  <div
    className="sc-htpNat cdFCkK"
  >
    <div
      className="sc-bdVaJa srKzq"
    />
  </div>
  <div
    className="sc-htpNat cdFCkK"
  >
    <div
      className="sc-bdVaJa dXgKjL"
    />
  </div>
  <div
    className="sc-htpNat cdFCkK"
  >
    <div
      className="sc-bdVaJa wJcne"
    />
  </div>
</div>
`;
