// Jest Snapshot v1, https://goo.gl/fbAQLP

exports[`<App/> renders component 1`] = `
Array [
  <div
    className="sc-ifAKCX ffETRh"
  >
    <div
      className="sc-htpNat cdFCkK"
    >
      <div
        className="sc-bdVaJa jjXOtY"
      />
    </div>
    <div
      className="sc-htpNat cdFCkK"
    >
      <div
        className="sc-bdVaJa eBiygP"
      />
    </div>
    <div
      className="sc-htpNat cdFCkK"
    >
      <div
        className="sc-bdVaJa kCnuUP"
      />
    </div>
    <div
      className="sc-htpNat cdFCkK"
    >
      <div
        className="sc-bdVaJa kuEsQo"
      />
    </div>
    <div
      className="sc-htpNat cdFCkK"
    >
      <div
        className="sc-bdVaJa gkHCvz"
      />
    </div>
    <div
      className="sc-htpNat cdFCkK"
    >
      <div
        className="sc-bdVaJa dPqloV"
      />
    </div>
    <div
      className="sc-htpNat cdFCkK"
    >
      <div
        className="sc-bdVaJa ljDTpC"
      />
    </div>
    <div
      className="sc-htpNat cdFCkK"
    >
      <div
        className="sc-bdVaJa fFdPti"
      />
    </div>
    <div
      className="sc-htpNat cdFCkK"
    >
      <div
        className="sc-bdVaJa cNZMic"
      />
    </div>
    <div
      className="sc-htpNat cdFCkK"
    >
      <div
        className="sc-bdVaJa dCepHi"
      />
    </div>
    <div
      className="sc-htpNat cdFCkK"
    >
      <div
        className="sc-bdVaJa gUnOTE"
      />
    </div>
    <div
      className="sc-htpNat cdFCkK"
    >
      <div
        className="sc-bdVaJa hJdBps"
      />
    </div>
    <div
      className="sc-htpNat cdFCkK"
    >
      <div
        className="sc-bdVaJa kcmSUi"
      />
    </div>
    <div
      className="sc-htpNat cdFCkK"
    >
      <div
        className="sc-bdVaJa jrZOrY"
      />
    </div>
    <div
      className="sc-htpNat cdFCkK"
    >
      <div
        className="sc-bdVaJa cEBpR"
      />
    </div>
    <div
      className="sc-htpNat cdFCkK"
    >
      <div
        className="sc-bdVaJa dtaaTE"
      />
    </div>
    <div
      className="sc-htpNat cdFCkK"
    >
      <div
        className="sc-bdVaJa bGIlse"
      />
    </div>
    <div
      className="sc-htpNat cdFCkK"
    >
      <div
        className="sc-bdVaJa hhrWtx"
      />
    </div>
    <div
      className="sc-htpNat cdFCkK"
    >
      <div
        className="sc-bdVaJa bLKZka"
      />
    </div>
    <div
      className="sc-htpNat cdFCkK"
    >
      <div
        className="sc-bdVaJa eEnqIn"
      />
    </div>
    <div
      className="sc-htpNat cdFCkK"
    >
      <div
        className="sc-bdVaJa eQHKVQ"
      />
    </div>
    <div
      className="sc-htpNat cdFCkK"
    >
      <div
        className="sc-bdVaJa idjmby"
      />
    </div>
    <div
      className="sc-htpNat cdFCkK"
    >
      <div
        className="sc-bdVaJa lfZqrE"
      />
    </div>
    <div
      className="sc-htpNat cdFCkK"
    >
      <div
        className="sc-bdVaJa envchL"
      />
    </div>
    <div
      className="sc-htpNat cdFCkK"
    >
      <div
        className="sc-bdVaJa dqggxL"
      />
    </div>
    <div
      className="sc-htpNat cdFCkK"
    >
      <div
        className="sc-bdVaJa gmRnnZ"
      />
    </div>
    <div
      className="sc-htpNat cdFCkK"
    >
      <div
        className="sc-bdVaJa cfGScX"
      />
    </div>
    <div
      className="sc-htpNat cdFCkK"
    >
      <div
        className="sc-bdVaJa kZuQgc"
      />
    </div>
    <div
      className="sc-htpNat cdFCkK"
    >
      <div
        className="sc-bdVaJa iAyrRh"
      />
    </div>
    <div
      className="sc-htpNat cdFCkK"
    >
      <div
        className="sc-bdVaJa beCNDz"
      />
    </div>
    <div
      className="sc-htpNat cdFCkK"
    >
      <div
        className="sc-bdVaJa cOTnmz"
      />
    </div>
    <div
      className="sc-htpNat cdFCkK"
    >
      <div
        className="sc-bdVaJa knGZQc"
      />
    </div>
    <div
      className="sc-htpNat cdFCkK"
    >
      <div
        className="sc-bdVaJa cwIBBN"
      />
    </div>
    <div
      className="sc-htpNat cdFCkK"
    >
      <div
        className="sc-bdVaJa joSSyv"
      />
    </div>
    <div
      className="sc-htpNat cdFCkK"
    >
      <div
        className="sc-bdVaJa lfTTvr"
      />
    </div>
    <div
      className="sc-htpNat cdFCkK"
    >
      <div
        className="sc-bdVaJa kyfQJy"
      />
    </div>
    <div
      className="sc-htpNat cdFCkK"
    >
      <div
        className="sc-bdVaJa iwcSfg"
      />
    </div>
    <div
      className="sc-htpNat cdFCkK"
    >
      <div
        className="sc-bdVaJa jSBBiv"
      />
    </div>
    <div
      className="sc-htpNat cdFCkK"
    >
      <div
        className="sc-bdVaJa eJhFMN"
      />
    </div>
    <div
      className="sc-htpNat cdFCkK"
    >
      <div
        className="sc-bdVaJa hWqAoI"
      />
    </div>
    <div
      className="sc-htpNat cdFCkK"
    >
      <div
        className="sc-bdVaJa bjqbDL"
      />
    </div>
    <div
      className="sc-htpNat cdFCkK"
    >
      <div
        className="sc-bdVaJa dVCJwC"
      />
    </div>
    <div
      className="sc-htpNat cdFCkK"
    >
      <div
        className="sc-bdVaJa bnRjIS"
      />
    </div>
    <div
      className="sc-htpNat cdFCkK"
    >
      <div
        className="sc-bdVaJa fjHUlV"
      />
    </div>
    <div
      className="sc-htpNat cdFCkK"
    >
      <div
        className="sc-bdVaJa dWiUXT"
      />
    </div>
    <div
      className="sc-htpNat cdFCkK"
    >
      <div
        className="sc-bdVaJa gGYEDQ"
      />
    </div>
    <div
      className="sc-htpNat cdFCkK"
    >
      <div
        className="sc-bdVaJa fkRPpk"
      />
    </div>
    <div
      className="sc-htpNat cdFCkK"
    >
      <div
        className="sc-bdVaJa fUSkuz"
      />
    </div>
    <div
      className="sc-htpNat cdFCkK"
    >
      <div
        className="sc-bdVaJa hThttt"
      />
    </div>
    <div
      className="sc-htpNat cdFCkK"
    >
      <div
        className="sc-bdVaJa clfyGN"
      />
    </div>
    <div
      className="sc-htpNat cdFCkK"
    >
      <div
        className="sc-bdVaJa idwBiA"
      />
    </div>
    <div
      className="sc-htpNat cdFCkK"
    >
      <div
        className="sc-bdVaJa dWdLsB"
      />
    </div>
    <div
      className="sc-htpNat cdFCkK"
    >
      <div
        className="sc-bdVaJa kXyEoq"
      />
    </div>
    <div
      className="sc-htpNat cdFCkK"
    >
      <div
        className="sc-bdVaJa bHclhW"
      />
    </div>
    <div
      className="sc-htpNat cdFCkK"
    >
      <div
        className="sc-bdVaJa fSjTNU"
      />
    </div>
    <div
      className="sc-htpNat cdFCkK"
    >
      <div
        className="sc-bdVaJa LfLhh"
      />
    </div>
    <div
      className="sc-htpNat cdFCkK"
    >
      <div
        className="sc-bdVaJa bBulZ"
      />
    </div>
    <div
      className="sc-htpNat cdFCkK"
    >
      <div
        className="sc-bdVaJa cLDTVE"
      />
    </div>
    <div
      className="sc-htpNat cdFCkK"
    >
      <div
        className="sc-bdVaJa ewGrKm"
      />
    </div>
    <div
      className="sc-htpNat cdFCkK"
    >
      <div
        className="sc-bdVaJa llEAWy"
      />
    </div>
    <div
      className="sc-htpNat cdFCkK"
    >
      <div
        className="sc-bdVaJa kvRrlj"
      />
    </div>
    <div
      className="sc-htpNat cdFCkK"
    >
      <div
        className="sc-bdVaJa duxsNH"
      />
    </div>
    <div
      className="sc-htpNat cdFCkK"
    >
      <div
        className="sc-bdVaJa jsGfIi"
      />
    </div>
    <div
      className="sc-htpNat cdFCkK"
    >
      <div
        className="sc-bdVaJa dUPkTY"
      />
    </div>
    <div
      className="sc-htpNat cdFCkK"
    >
      <div
        className="sc-bdVaJa GjtSt"
      />
    </div>
    <div
      className="sc-htpNat cdFCkK"
    >
      <div
        className="sc-bdVaJa bLagxX"
      />
    </div>
    <div
      className="sc-htpNat cdFCkK"
    >
      <div
        className="sc-bdVaJa jENDCW"
      />
    </div>
    <div
      className="sc-htpNat cdFCkK"
    >
      <div
        className="sc-bdVaJa eidlUx"
      />
    </div>
    <div
      className="sc-htpNat cdFCkK"
    >
      <div
        className="sc-bdVaJa fVrpHF"
      />
    </div>
    <div
      className="sc-htpNat cdFCkK"
    >
      <div
        className="sc-bdVaJa hvNw"
      />
    </div>
    <div
      className="sc-htpNat cdFCkK"
    >
      <div
        className="sc-bdVaJa gTzAyv"
      />
    </div>
    <div
      className="sc-htpNat cdFCkK"
    >
      <div
        className="sc-bdVaJa eJBwvV"
      />
    </div>
    <div
      className="sc-htpNat cdFCkK"
    >
      <div
        className="sc-bdVaJa lgoNqV"
      />
    </div>
    <div
      className="sc-htpNat cdFCkK"
    >
      <div
        className="sc-bdVaJa kheEIb"
      />
    </div>
    <div
      className="sc-htpNat cdFCkK"
    >
      <div
        className="sc-bdVaJa kOPEuz"
      />
    </div>
    <div
      className="sc-htpNat cdFCkK"
    >
      <div
        className="sc-bdVaJa IqMlY"
      />
    </div>
    <div
      className="sc-htpNat cdFCkK"
    >
      <div
        className="sc-bdVaJa elPiLT"
      />
    </div>
    <div
      className="sc-htpNat cdFCkK"
    >
      <div
        className="sc-bdVaJa ixJfWh"
      />
    </div>
    <div
      className="sc-htpNat cdFCkK"
    >
      <div
        className="sc-bdVaJa dDgqhj"
      />
    </div>
    <div
      className="sc-htpNat cdFCkK"
    >
      <div
        className="sc-bdVaJa eTEMai"
      />
    </div>
    <div
      className="sc-htpNat cdFCkK"
    >
      <div
        className="sc-bdVaJa jPJMZw"
      />
    </div>
    <div
      className="sc-htpNat cdFCkK"
    >
      <div
        className="sc-bdVaJa kvjRDg"
      />
    </div>
    <div
      className="sc-htpNat cdFCkK"
    >
      <div
        className="sc-bdVaJa ijzUhc"
      />
    </div>
    <div
      className="sc-htpNat cdFCkK"
    >
      <div
        className="sc-bdVaJa kcvQlc"
      />
    </div>
    <div
      className="sc-htpNat cdFCkK"
    >
      <div
        className="sc-bdVaJa ffbSPv"
      />
    </div>
    <div
      className="sc-htpNat cdFCkK"
    >
      <div
        className="sc-bdVaJa bNggTf"
      />
    </div>
    <div
      className="sc-htpNat cdFCkK"
    >
      <div
        className="sc-bdVaJa jYeVlR"
      />
    </div>
    <div
      className="sc-htpNat cdFCkK"
    >
      <div
        className="sc-bdVaJa Cgtyr"
      />
    </div>
    <div
      className="sc-htpNat cdFCkK"
    >
      <div
        className="sc-bdVaJa cvrRUN"
      />
    </div>
    <div
      className="sc-htpNat cdFCkK"
    >
      <div
        className="sc-bdVaJa gGJtXk"
      />
    </div>
    <div
      className="sc-htpNat cdFCkK"
    >
      <div
        className="sc-bdVaJa gsUcoj"
      />
    </div>
    <div
      className="sc-htpNat cdFCkK"
    >
      <div
        className="sc-bdVaJa zDocQ"
      />
    </div>
    <div
      className="sc-htpNat cdFCkK"
    >
      <div
        className="sc-bdVaJa imjNyD"
      />
    </div>
    <div
      className="sc-htpNat cdFCkK"
    >
      <div
        className="sc-bdVaJa issdQQ"
      />
    </div>
    <div
      className="sc-htpNat cdFCkK"
    >
      <div
        className="sc-bdVaJa eradgO"
      />
    </div>
    <div
      className="sc-htpNat cdFCkK"
    >
      <div
        className="sc-bdVaJa kChNbq"
      />
    </div>
    <div
      className="sc-htpNat cdFCkK"
    >
      <div
        className="sc-bdVaJa ZyCFP"
      />
    </div>
    <div
      className="sc-htpNat cdFCkK"
    >
      <div
        className="sc-bdVaJa ijXEbT"
      />
    </div>
    <div
      className="sc-htpNat cdFCkK"
    >
      <div
        className="sc-bdVaJa dUrelR"
      />
    </div>
    <div
      className="sc-htpNat cdFCkK"
    >
      <div
        className="sc-bdVaJa iOwtPG"
      />
    </div>
  </div>,
  <article
    className="sc-EHOje kjgrkE"
  >
    <h1
      className="sc-bZQynM dXjnPZ"
    >
      React Appear In
    </h1>
    <h2
      className="sc-gzVnrw HXJFw"
    >
      Make react components appear sometime in the future
    </h2>
    <section
      className="sc-htoDjs hEquMq"
    >
      <ol
        className="sc-dnqmqq kiqSZm"
      >
        <li>
          Install
          <pre
            className="sc-iwsKbI hCXHfF"
          >
            npm install react-appear-in
          </pre>
        </li>
        <li>
          Use
          <pre
            className="sc-iwsKbI hCXHfF"
          >
            import AppearIn from 'react-appear-in';


const MyAwesomeComponent = () =&gt; (
    &lt;AppearIn minutes={1} seconds={20} milliseconds={10}&gt;
        Hello in 1 minute, 20 seconds and 10 milliseconds
    &lt;/AppearIn&gt;
);
                        
          </pre>
        </li>
      </ol>
    </section>
  </article>,
]
`;
