// Jest Snapshot v1, https://goo.gl/fbAQLP

exports[`<App/> renders component 1`] = `
<div
  className="sc-htpNat dbDGVh"
>
  <div
    className="sc-bdVaJa hsuLQA"
  />
  <div
    className="sc-bdVaJa hsuLQA"
  />
  <div
    className="sc-bdVaJa hsuLQA"
  />
  <div
    className="sc-bdVaJa hsuLQA"
  />
  <div
    className="sc-bdVaJa hsuLQA"
  />
  <div
    className="sc-bdVaJa hsuLQA"
  />
  <div
    className="sc-bdVaJa hsuLQA"
  />
  <div
    className="sc-bdVaJa hsuLQA"
  />
  <div
    className="sc-bdVaJa hsuLQA"
  />
  <div
    className="sc-bdVaJa hsuLQA"
  />
  <div
    className="sc-bdVaJa hsuLQA"
  />
  <div
    className="sc-bdVaJa hsuLQA"
  />
  <div
    className="sc-bdVaJa hsuLQA"
  />
  <div
    className="sc-bdVaJa hsuLQA"
  />
  <div
    className="sc-bdVaJa hsuLQA"
  />
  <div
    className="sc-bdVaJa hsuLQA"
  />
  <div
    className="sc-bdVaJa hsuLQA"
  />
  <div
    className="sc-bdVaJa hsuLQA"
  />
  <div
    className="sc-bdVaJa hsuLQA"
  />
  <div
    className="sc-bdVaJa hsuLQA"
  />
  <div
    className="sc-bdVaJa hsuLQA"
  />
  <div
    className="sc-bdVaJa hsuLQA"
  />
  <div
    className="sc-bdVaJa hsuLQA"
  />
  <div
    className="sc-bdVaJa hsuLQA"
  />
  <div
    className="sc-bdVaJa hsuLQA"
  />
  <div
    className="sc-bdVaJa hsuLQA"
  />
  <div
    className="sc-bdVaJa hsuLQA"
  />
  <div
    className="sc-bdVaJa hsuLQA"
  />
  <div
    className="sc-bdVaJa hsuLQA"
  />
  <div
    className="sc-bdVaJa hsuLQA"
  />
  <div
    className="sc-bdVaJa hsuLQA"
  />
  <div
    className="sc-bdVaJa hsuLQA"
  />
  <div
    className="sc-bdVaJa hsuLQA"
  />
  <div
    className="sc-bdVaJa hsuLQA"
  />
  <div
    className="sc-bdVaJa hsuLQA"
  />
  <div
    className="sc-bdVaJa hsuLQA"
  />
  <div
    className="sc-bdVaJa hsuLQA"
  />
  <div
    className="sc-bdVaJa hsuLQA"
  />
  <div
    className="sc-bdVaJa hsuLQA"
  />
  <div
    className="sc-bdVaJa hsuLQA"
  />
  <div
    className="sc-bdVaJa hsuLQA"
  />
  <div
    className="sc-bdVaJa hsuLQA"
  />
  <div
    className="sc-bdVaJa hsuLQA"
  />
  <div
    className="sc-bdVaJa hsuLQA"
  />
  <div
    className="sc-bdVaJa hsuLQA"
  />
  <div
    className="sc-bdVaJa hsuLQA"
  />
  <div
    className="sc-bdVaJa hsuLQA"
  />
  <div
    className="sc-bdVaJa hsuLQA"
  />
  <div
    className="sc-bdVaJa hsuLQA"
  />
  <div
    className="sc-bdVaJa hsuLQA"
  />
  <div
    className="sc-bdVaJa hsuLQA"
  />
  <div
    className="sc-bdVaJa hsuLQA"
  />
  <div
    className="sc-bdVaJa hsuLQA"
  />
  <div
    className="sc-bdVaJa hsuLQA"
  />
  <div
    className="sc-bdVaJa hsuLQA"
  />
  <div
    className="sc-bdVaJa hsuLQA"
  />
  <div
    className="sc-bdVaJa hsuLQA"
  />
  <div
    className="sc-bdVaJa hsuLQA"
  />
  <div
    className="sc-bdVaJa hsuLQA"
  />
  <div
    className="sc-bdVaJa hsuLQA"
  />
  <div
    className="sc-bdVaJa hsuLQA"
  />
  <div
    className="sc-bdVaJa hsuLQA"
  />
  <div
    className="sc-bdVaJa hsuLQA"
  />
  <div
    className="sc-bdVaJa hsuLQA"
  />
  <div
    className="sc-bdVaJa hsuLQA"
  />
  <div
    className="sc-bdVaJa hsuLQA"
  />
  <div
    className="sc-bdVaJa hsuLQA"
  />
  <div
    className="sc-bdVaJa hsuLQA"
  />
  <div
    className="sc-bdVaJa hsuLQA"
  />
  <div
    className="sc-bdVaJa hsuLQA"
  />
  <div
    className="sc-bdVaJa hsuLQA"
  />
  <div
    className="sc-bdVaJa hsuLQA"
  />
  <div
    className="sc-bdVaJa hsuLQA"
  />
  <div
    className="sc-bdVaJa hsuLQA"
  />
  <div
    className="sc-bdVaJa hsuLQA"
  />
  <div
    className="sc-bdVaJa hsuLQA"
  />
  <div
    className="sc-bdVaJa hsuLQA"
  />
  <div
    className="sc-bdVaJa hsuLQA"
  />
  <div
    className="sc-bdVaJa hsuLQA"
  />
  <div
    className="sc-bdVaJa hsuLQA"
  />
  <div
    className="sc-bdVaJa hsuLQA"
  />
  <div
    className="sc-bdVaJa hsuLQA"
  />
  <div
    className="sc-bdVaJa hsuLQA"
  />
  <div
    className="sc-bdVaJa hsuLQA"
  />
  <div
    className="sc-bdVaJa hsuLQA"
  />
  <div
    className="sc-bdVaJa hsuLQA"
  />
  <div
    className="sc-bdVaJa hsuLQA"
  />
  <div
    className="sc-bdVaJa hsuLQA"
  />
  <div
    className="sc-bdVaJa hsuLQA"
  />
  <div
    className="sc-bdVaJa hsuLQA"
  />
  <div
    className="sc-bdVaJa hsuLQA"
  />
  <div
    className="sc-bdVaJa hsuLQA"
  />
  <div
    className="sc-bdVaJa hsuLQA"
  />
  <div
    className="sc-bdVaJa hsuLQA"
  />
  <div
    className="sc-bdVaJa hsuLQA"
  />
  <div
    className="sc-bdVaJa hsuLQA"
  />
  <div
    className="sc-bdVaJa hsuLQA"
  />
  <div
    className="sc-bdVaJa hsuLQA"
  />
  <div
    className="sc-bdVaJa hsuLQA"
  />
  <div
    className="sc-bdVaJa hsuLQA"
  />
</div>
`;
