// Jest Snapshot v1, https://goo.gl/fbAQLP

exports[`<App/> renders component 1`] = `
Array [
  <article
    className="sc-EHOje feRfPw"
  >
    <h1
      className="sc-bZQynM dXjnPZ"
    >
      React Appear In
    </h1>
    <h2
      className="sc-gzVnrw HXJFw"
    >
      Make react components appear sometime in the future
    </h2>
    <section
      className="sc-htoDjs kbSpHw"
    >
      <a
        aria-label="Star maroun-baydoun/react-appear-in on GitHub"
        className="github-button"
        href="https://github.com/maroun-baydoun/react-appear-in"
      >
        Star
      </a>
      <a
        href="https://badge.fury.io/js/react-appear-in"
      >
        <img
          alt="npm version"
          height="18"
          src="https://badge.fury.io/js/react-appear-in.svg"
        />
      </a>
    </section>
    <section
      className="sc-dnqmqq edBwqg"
    >
      <ol
        className="sc-iwsKbI gPznpp"
      >
        <li>
          Install
          <pre
            className="sc-gZMcBi bUemqo"
          >
            npm install react-appear-in
          </pre>
        </li>
        <li>
          Use
          <pre
            className="sc-gZMcBi bUemqo"
          >
            import AppearIn from 'react-appear-in';


const MyAwesomeComponent = () =&gt; (
    &lt;AppearIn minutes={1} seconds={20} milliseconds={10}&gt;
        Hello in 1 minute, 20 seconds and 10 milliseconds
    &lt;/AppearIn&gt;
);
                        
          </pre>
        </li>
      </ol>
    </section>
  </article>,
  <div
    className="sc-ifAKCX eDBCeg"
  >
    <div
      className="sc-htpNat cdFCkK"
    >
      <div
        className="sc-bdVaJa hPzkWW"
      />
    </div>
    <div
      className="sc-htpNat cdFCkK"
    >
      <div
        className="sc-bdVaJa ktSqyG"
      />
    </div>
    <div
      className="sc-htpNat cdFCkK"
    >
      <div
        className="sc-bdVaJa dbEwJE"
      />
    </div>
    <div
      className="sc-htpNat cdFCkK"
    >
      <div
        className="sc-bdVaJa kjioOr"
      />
    </div>
    <div
      className="sc-htpNat cdFCkK"
    >
      <div
        className="sc-bdVaJa gydeMD"
      />
    </div>
    <div
      className="sc-htpNat cdFCkK"
    >
      <div
        className="sc-bdVaJa cSuzph"
      />
    </div>
    <div
      className="sc-htpNat cdFCkK"
    >
      <div
        className="sc-bdVaJa epNMhn"
      />
    </div>
    <div
      className="sc-htpNat cdFCkK"
    >
      <div
        className="sc-bdVaJa lhleME"
      />
    </div>
    <div
      className="sc-htpNat cdFCkK"
    >
      <div
        className="sc-bdVaJa iOwyOV"
      />
    </div>
    <div
      className="sc-htpNat cdFCkK"
    >
      <div
        className="sc-bdVaJa hOzifa"
      />
    </div>
    <div
      className="sc-htpNat cdFCkK"
    >
      <div
        className="sc-bdVaJa cZHfpq"
      />
    </div>
    <div
      className="sc-htpNat cdFCkK"
    >
      <div
        className="sc-bdVaJa dPAzRi"
      />
    </div>
    <div
      className="sc-htpNat cdFCkK"
    >
      <div
        className="sc-bdVaJa chSjxX"
      />
    </div>
    <div
      className="sc-htpNat cdFCkK"
    >
      <div
        className="sc-bdVaJa dXJFLs"
      />
    </div>
    <div
      className="sc-htpNat cdFCkK"
    >
      <div
        className="sc-bdVaJa ekyiZS"
      />
    </div>
    <div
      className="sc-htpNat cdFCkK"
    >
      <div
        className="sc-bdVaJa keCJbJ"
      />
    </div>
    <div
      className="sc-htpNat cdFCkK"
    >
      <div
        className="sc-bdVaJa easVrn"
      />
    </div>
    <div
      className="sc-htpNat cdFCkK"
    >
      <div
        className="sc-bdVaJa dnrWoQ"
      />
    </div>
    <div
      className="sc-htpNat cdFCkK"
    >
      <div
        className="sc-bdVaJa dGaBTE"
      />
    </div>
    <div
      className="sc-htpNat cdFCkK"
    >
      <div
        className="sc-bdVaJa fpZvnG"
      />
    </div>
    <div
      className="sc-htpNat cdFCkK"
    >
      <div
        className="sc-bdVaJa jnPtNC"
      />
    </div>
    <div
      className="sc-htpNat cdFCkK"
    >
      <div
        className="sc-bdVaJa Lnhbl"
      />
    </div>
    <div
      className="sc-htpNat cdFCkK"
    >
      <div
        className="sc-bdVaJa iNuZRR"
      />
    </div>
    <div
      className="sc-htpNat cdFCkK"
    >
      <div
        className="sc-bdVaJa bvKeSV"
      />
    </div>
    <div
      className="sc-htpNat cdFCkK"
    >
      <div
        className="sc-bdVaJa cNEmTx"
      />
    </div>
    <div
      className="sc-htpNat cdFCkK"
    >
      <div
        className="sc-bdVaJa bwvsmr"
      />
    </div>
    <div
      className="sc-htpNat cdFCkK"
    >
      <div
        className="sc-bdVaJa bxNycE"
      />
    </div>
    <div
      className="sc-htpNat cdFCkK"
    >
      <div
        className="sc-bdVaJa drEFto"
      />
    </div>
    <div
      className="sc-htpNat cdFCkK"
    >
      <div
        className="sc-bdVaJa lbyjIx"
      />
    </div>
    <div
      className="sc-htpNat cdFCkK"
    >
      <div
        className="sc-bdVaJa kriFZZ"
      />
    </div>
    <div
      className="sc-htpNat cdFCkK"
    >
      <div
        className="sc-bdVaJa GOzZd"
      />
    </div>
    <div
      className="sc-htpNat cdFCkK"
    >
      <div
        className="sc-bdVaJa hwJhfR"
      />
    </div>
    <div
      className="sc-htpNat cdFCkK"
    >
      <div
        className="sc-bdVaJa ihmnux"
      />
    </div>
    <div
      className="sc-htpNat cdFCkK"
    >
      <div
        className="sc-bdVaJa igMdaU"
      />
    </div>
    <div
      className="sc-htpNat cdFCkK"
    >
      <div
        className="sc-bdVaJa gcNcMh"
      />
    </div>
    <div
      className="sc-htpNat cdFCkK"
    >
      <div
        className="sc-bdVaJa idwBiA"
      />
    </div>
    <div
      className="sc-htpNat cdFCkK"
    >
      <div
        className="sc-bdVaJa dWwarb"
      />
    </div>
    <div
      className="sc-htpNat cdFCkK"
    >
      <div
        className="sc-bdVaJa hPTVHC"
      />
    </div>
    <div
      className="sc-htpNat cdFCkK"
    >
      <div
        className="sc-bdVaJa lgKYxQ"
      />
    </div>
    <div
      className="sc-htpNat cdFCkK"
    >
      <div
        className="sc-bdVaJa kUUfgr"
      />
    </div>
    <div
      className="sc-htpNat cdFCkK"
    >
      <div
        className="sc-bdVaJa exNLuO"
      />
    </div>
    <div
      className="sc-htpNat cdFCkK"
    >
      <div
        className="sc-bdVaJa fuFiWk"
      />
    </div>
    <div
      className="sc-htpNat cdFCkK"
    >
      <div
        className="sc-bdVaJa bwXfFX"
      />
    </div>
    <div
      className="sc-htpNat cdFCkK"
    >
      <div
        className="sc-bdVaJa kmjToU"
      />
    </div>
    <div
      className="sc-htpNat cdFCkK"
    >
      <div
        className="sc-bdVaJa fUpkYe"
      />
    </div>
    <div
      className="sc-htpNat cdFCkK"
    >
      <div
        className="sc-bdVaJa eMwVlh"
      />
    </div>
    <div
      className="sc-htpNat cdFCkK"
    >
      <div
        className="sc-bdVaJa jtcoOx"
      />
    </div>
    <div
      className="sc-htpNat cdFCkK"
    >
      <div
        className="sc-bdVaJa imAVwU"
      />
    </div>
    <div
      className="sc-htpNat cdFCkK"
    >
      <div
        className="sc-bdVaJa joSSyv"
      />
    </div>
    <div
      className="sc-htpNat cdFCkK"
    >
      <div
        className="sc-bdVaJa cfPPSS"
      />
    </div>
    <div
      className="sc-htpNat cdFCkK"
    >
      <div
        className="sc-bdVaJa cRuEvh"
      />
    </div>
    <div
      className="sc-htpNat cdFCkK"
    >
      <div
        className="sc-bdVaJa cvrRUN"
      />
    </div>
    <div
      className="sc-htpNat cdFCkK"
    >
      <div
        className="sc-bdVaJa dPbDiq"
      />
    </div>
    <div
      className="sc-htpNat cdFCkK"
    >
      <div
        className="sc-bdVaJa iUrJNM"
      />
    </div>
    <div
      className="sc-htpNat cdFCkK"
    >
      <div
        className="sc-bdVaJa kpKAQV"
      />
    </div>
    <div
      className="sc-htpNat cdFCkK"
    >
      <div
        className="sc-bdVaJa jFHbOR"
      />
    </div>
    <div
      className="sc-htpNat cdFCkK"
    >
      <div
        className="sc-bdVaJa bBtFrD"
      />
    </div>
    <div
      className="sc-htpNat cdFCkK"
    >
      <div
        className="sc-bdVaJa gvHRLE"
      />
    </div>
    <div
      className="sc-htpNat cdFCkK"
    >
      <div
        className="sc-bdVaJa eqYjRI"
      />
    </div>
    <div
      className="sc-htpNat cdFCkK"
    >
      <div
        className="sc-bdVaJa iiYHqC"
      />
    </div>
    <div
      className="sc-htpNat cdFCkK"
    >
      <div
        className="sc-bdVaJa bDASzM"
      />
    </div>
    <div
      className="sc-htpNat cdFCkK"
    >
      <div
        className="sc-bdVaJa dzybST"
      />
    </div>
    <div
      className="sc-htpNat cdFCkK"
    >
      <div
        className="sc-bdVaJa kFRjt"
      />
    </div>
    <div
      className="sc-htpNat cdFCkK"
    >
      <div
        className="sc-bdVaJa bPGBLQ"
      />
    </div>
    <div
      className="sc-htpNat cdFCkK"
    >
      <div
        className="sc-bdVaJa ezZKmD"
      />
    </div>
    <div
      className="sc-htpNat cdFCkK"
    >
      <div
        className="sc-bdVaJa ehDLMM"
      />
    </div>
    <div
      className="sc-htpNat cdFCkK"
    >
      <div
        className="sc-bdVaJa kUNzqB"
      />
    </div>
    <div
      className="sc-htpNat cdFCkK"
    >
      <div
        className="sc-bdVaJa bYCzUU"
      />
    </div>
    <div
      className="sc-htpNat cdFCkK"
    >
      <div
        className="sc-bdVaJa cFiSjC"
      />
    </div>
    <div
      className="sc-htpNat cdFCkK"
    >
      <div
        className="sc-bdVaJa eZHIQf"
      />
    </div>
    <div
      className="sc-htpNat cdFCkK"
    >
      <div
        className="sc-bdVaJa czQoJi"
      />
    </div>
    <div
      className="sc-htpNat cdFCkK"
    >
      <div
        className="sc-bdVaJa kFeNae"
      />
    </div>
    <div
      className="sc-htpNat cdFCkK"
    >
      <div
        className="sc-bdVaJa jxWwEq"
      />
    </div>
    <div
      className="sc-htpNat cdFCkK"
    >
      <div
        className="sc-bdVaJa ePRIyP"
      />
    </div>
    <div
      className="sc-htpNat cdFCkK"
    >
      <div
        className="sc-bdVaJa SPeEO"
      />
    </div>
    <div
      className="sc-htpNat cdFCkK"
    >
      <div
        className="sc-bdVaJa iwnnqK"
      />
    </div>
    <div
      className="sc-htpNat cdFCkK"
    >
      <div
        className="sc-bdVaJa cKPNMl"
      />
    </div>
    <div
      className="sc-htpNat cdFCkK"
    >
      <div
        className="sc-bdVaJa jXqdWt"
      />
    </div>
    <div
      className="sc-htpNat cdFCkK"
    >
      <div
        className="sc-bdVaJa GjtSt"
      />
    </div>
    <div
      className="sc-htpNat cdFCkK"
    >
      <div
        className="sc-bdVaJa lbJyFe"
      />
    </div>
    <div
      className="sc-htpNat cdFCkK"
    >
      <div
        className="sc-bdVaJa kfOaqO"
      />
    </div>
    <div
      className="sc-htpNat cdFCkK"
    >
      <div
        className="sc-bdVaJa cLKaoJ"
      />
    </div>
    <div
      className="sc-htpNat cdFCkK"
    >
      <div
        className="sc-bdVaJa gEafDw"
      />
    </div>
    <div
      className="sc-htpNat cdFCkK"
    >
      <div
        className="sc-bdVaJa laBpMA"
      />
    </div>
    <div
      className="sc-htpNat cdFCkK"
    >
      <div
        className="sc-bdVaJa cfGScX"
      />
    </div>
    <div
      className="sc-htpNat cdFCkK"
    >
      <div
        className="sc-bdVaJa dOeGQ"
      />
    </div>
    <div
      className="sc-htpNat cdFCkK"
    >
      <div
        className="sc-bdVaJa fMwVxz"
      />
    </div>
    <div
      className="sc-htpNat cdFCkK"
    >
      <div
        className="sc-bdVaJa jnuRkU"
      />
    </div>
    <div
      className="sc-htpNat cdFCkK"
    >
      <div
        className="sc-bdVaJa eZtJBR"
      />
    </div>
    <div
      className="sc-htpNat cdFCkK"
    >
      <div
        className="sc-bdVaJa jNsTfg"
      />
    </div>
    <div
      className="sc-htpNat cdFCkK"
    >
      <div
        className="sc-bdVaJa rwyFg"
      />
    </div>
    <div
      className="sc-htpNat cdFCkK"
    >
      <div
        className="sc-bdVaJa dFEnCr"
      />
    </div>
    <div
      className="sc-htpNat cdFCkK"
    >
      <div
        className="sc-bdVaJa bWBmcb"
      />
    </div>
    <div
      className="sc-htpNat cdFCkK"
    >
      <div
        className="sc-bdVaJa bRXcpg"
      />
    </div>
    <div
      className="sc-htpNat cdFCkK"
    >
      <div
        className="sc-bdVaJa joQXSN"
      />
    </div>
    <div
      className="sc-htpNat cdFCkK"
    >
      <div
        className="sc-bdVaJa crhUXg"
      />
    </div>
    <div
      className="sc-htpNat cdFCkK"
    >
      <div
        className="sc-bdVaJa iBWSVc"
      />
    </div>
    <div
      className="sc-htpNat cdFCkK"
    >
      <div
        className="sc-bdVaJa doIIcK"
      />
    </div>
    <div
      className="sc-htpNat cdFCkK"
    >
      <div
        className="sc-bdVaJa ctcVLf"
      />
    </div>
    <div
      className="sc-htpNat cdFCkK"
    >
      <div
        className="sc-bdVaJa kqNKXz"
      />
    </div>
  </div>,
]
`;
