// Jest Snapshot v1, https://goo.gl/fbAQLP

exports[`<InfoContainer/> renders component 1`] = `
<article
  className="sc-bdVaJa bnVgbd"
>
  <h1
    className="sc-bwzfXH lhaZrg"
  >
    React Appear In
  </h1>
  <h2
    className="sc-htpNat QAeAE"
  >
    Make react components appear sometime in the future
  </h2>
  <section
    className="sc-bxivhb dUaZrv"
  >
    <a
      aria-label="Star maroun-baydoun/react-appear-in on GitHub"
      className="github-button"
      href="https://github.com/maroun-baydoun/react-appear-in"
    >
      Star
    </a>
    <a
      href="https://badge.fury.io/js/react-appear-in"
    >
      <img
        alt="npm version"
        height="18"
        src="https://badge.fury.io/js/react-appear-in.svg"
      />
    </a>
  </section>
  <section
    className="sc-ifAKCX bZRUBm"
  >
    <ol
      className="sc-EHOje bmvnpT"
    >
      <li>
        Install
        <pre
          className="sc-bZQynM hVMapG"
        >
          npm install react-appear-in
        </pre>
      </li>
      <li>
        Use
        <pre
          className="sc-bZQynM hVMapG"
        >
          import AppearIn from 'react-appear-in';


const MyAwesomeComponent = () =&gt; (
    &lt;AppearIn minutes={1} seconds={20} milliseconds={10}&gt;
        Hello in 1 minute, 20 seconds and 10 milliseconds
    &lt;/AppearIn&gt;
);
                        
        </pre>
      </li>
    </ol>
  </section>
</article>
`;
