// Jest Snapshot v1, https://goo.gl/fbAQLP

exports[`<InfoContainer/> renders component 1`] = `
<article
  className="sc-bdVaJa bnVgbd"
>
  <h1
    className="sc-bwzfXH lhaZrg"
  >
    React Appear In
  </h1>
  <h2
    className="sc-htpNat QAeAE"
  >
    Make react components appear sometime in the future
  </h2>
  <section
    className="sc-bxivhb dUaZrv"
  >
    <a
      aria-label="Star maroun-baydoun/react-appear-in on GitHub"
      className="github-button"
      href="https://github.com/maroun-baydoun/react-appear-in"
    >
      Star
    </a>
    <a
      href="https://badge.fury.io/js/react-appear-in"
    >
      <img
        alt="npm version"
        height="18"
        src="https://badge.fury.io/js/react-appear-in.svg"
      />
    </a>
  </section>
  <section
    className="sc-ifAKCX bZRUBm"
  >
    <ol
      className="sc-EHOje bmvnpT"
    >
      <li>
        Install
        <pre
          style={
            Object {
              "background": "white",
              "color": "black",
              "display": "block",
              "overflowX": "auto",
              "padding": "0.5em",
            }
          }
        >
          <code>
            npm install react-appear-in
          </code>
        </pre>
      </li>
      <li>
        Use
        <pre
          style={
            Object {
              "background": "white",
              "color": "black",
              "display": "block",
              "overflowX": "auto",
              "padding": "0.5em",
            }
          }
        >
          <code>
            <span
              style={
                Object {
                  "fontWeight": "bold",
                }
              }
            >
              import
            </span>
             AppearIn 
            <span
              style={
                Object {
                  "fontWeight": "bold",
                }
              }
            >
              from
            </span>
             
            <span
              style={
                Object {
                  "color": "#888",
                }
              }
            >
              'react-appear-in'
            </span>
            ;



            <span
              style={
                Object {
                  "fontWeight": "bold",
                }
              }
            >
              const
            </span>
             MyAwesomeComponent = 
            <span
              className="hljs-function"
              style={Object {}}
            >
              <span
                className="hljs-params"
                style={Object {}}
              >
                ()
              </span>
               =&gt;
            </span>
             (
    
            <span
              className="xml"
              style={Object {}}
            >
              <span
                className="hljs-tag"
                style={Object {}}
              >
                &lt;
                <span
                  style={
                    Object {
                      "fontWeight": "bold",
                    }
                  }
                >
                  AppearIn
                </span>
                 
                <span
                  className="hljs-attr"
                  style={Object {}}
                >
                  minutes
                </span>
                =
                <span
                  style={
                    Object {
                      "color": "#888",
                    }
                  }
                >
                  {1}
                </span>
                 
                <span
                  className="hljs-attr"
                  style={Object {}}
                >
                  seconds
                </span>
                =
                <span
                  style={
                    Object {
                      "color": "#888",
                    }
                  }
                >
                  {20}
                </span>
                 
                <span
                  className="hljs-attr"
                  style={Object {}}
                >
                  milliseconds
                </span>
                =
                <span
                  style={
                    Object {
                      "color": "#888",
                    }
                  }
                >
                  {10}
                </span>
                &gt;
              </span>
              
        Hello in 1 minute, 20 seconds and 10 milliseconds
    
              <span
                className="hljs-tag"
                style={Object {}}
              >
                &lt;/
                <span
                  style={
                    Object {
                      "fontWeight": "bold",
                    }
                  }
                >
                  AppearIn
                </span>
                &gt;
              </span>
            </span>
            
);
                        
          </code>
        </pre>
      </li>
    </ol>
  </section>
</article>
`;
